[true, [{"objectName"=>"AdministratorDO", "OID"=>"1", "telephone1"=>"1-508-791-1267", "email"=>"hbaker@yahoo.com", "adminId"=>"hbaker", "telephone2"=>"1-800-445-2588", "subscriber"=>"MegaCorp", "lastName"=>"Baker", "password"=>"p1111"}, {"objectName"=>"AdministratorDO", "OID"=>"3", "telephone1"=>"1-781-789-9089", "email"=>"adragon@yahoo.com", "adminId"=>"adragon", "telephone2"=>"1-800-445-2588", "subscriber"=>"CornerStore", "lastName"=>"Dragon", "password"=>"p3333"}, {"objectName"=>"AdministratorDO", "OID"=>"4", "telephone1"=>"1-617-789-1890", "email"=>"mrodman@yahoo.com", "adminId"=>"mrodman", "telephone2"=>"1-800-445-2588", "subscriber"=>"Cyberdyne", "lastName"=>"Rodman", "password"=>"p4444"}, {"objectName"=>"AdministratorDO", "OID"=>"5", "telephone1"=>"1-617-890-7897", "email"=>"mjordan@yahoo.com", "adminId"=>"mjordan", "telephone2"=>"1-800-445-2588", "subscriber"=>"StarSports", "lastName"=>"Jordan", "password"=>"p5555"}, {"objectName"=>"AdministratorDO", "OID"=>"6", "telephone1"=>"1-781-789-9876", "email"=>"gpippen@yahoo.com", "adminId"=>"gpippen", "telephone2"=>"1-800-445-2588", "subscriber"=>"GreatBooks", "lastName"=>"Pippen", "password"=>"p6666"}, {"objectName"=>"AdministratorDO", "OID"=>"7", "telephone1"=>"1-781-678-8970", "email"=>"aandrew@yahoo.com", "adminId"=>"aandrew", "telephone2"=>"1-800-445-2588", "subscriber"=>"AxisChemicals", "lastName"=>"Andhrew", "password"=>"p7777"}, {"objectName"=>"AdministratorDO", "OID"=>"8", "telephone1"=>"1-786-897-8908", "email"=>"tvincent@yahoo.com", "adminId"=>"tvincent", "telephone2"=>"1-800-445-2588", "subscriber"=>"MediaShop", "lastName"=>"Vincent", "password"=>"p8888"}, {"objectName"=>"AdministratorDO", "OID"=>"9", "telephone1"=>"1-508-789-6789", "email"=>"krichard@yahoo.com", "adminId"=>"krichard", "telephone2"=>"1-800-445-2588", "subscriber"=>"SmartShop", "lastName"=>"Richard", "password"=>"p9999"}, {"objectName"=>"AdministratorDO", "OID"=>"10", "telephone1"=>"1-617-789-8979", "email"=>"gconell@yahoo.com", "adminId"=>"gcornell", "telephone2"=>"1-800-445-2588", "subscriber"=>"HomeNeeds", "lastName"=>"Cornell", "password"=>"paaaa"}, {"objectName"=>"AdministratorDO", "OID"=>"11", "telephone1"=>"1-508-791-1267", "email"=>"shorstmann@yahoo.com", "adminId"=>"shorstmann", "telephone2"=>"1-800-445-2588", "subscriber"=>"MegaCorp", "lastName"=>"HorstMann", "password"=>"p1111"}, {"objectName"=>"AdministratorDO", "OID"=>"13", "telephone1"=>"1-781-789-9089", "email"=>"rbob@yahoo.com", "adminId"=>"rbob", "telephone2"=>"1-800-445-2588", "subscriber"=>"CornerStore", "lastName"=>"Bob", "password"=>"p3333"}, {"objectName"=>"AdministratorDO", "OID"=>"14", "telephone1"=>"1-617-789-1890", "email"=>"speter@yahoo.com", "adminId"=>"speter", "telephone2"=>"1-800-445-2588", "subscriber"=>"Cyberdyne", "lastName"=>"Peter", "password"=>"p4444"}, {"objectName"=>"AdministratorDO", "OID"=>"15", "telephone1"=>"1-617-890-7897", "email"=>"pnovak@yahoo.com", "adminId"=>"pnovak", "telephone2"=>"1-800-445-2588", "subscriber"=>"StarSports", "lastName"=>"Novak", "password"=>"p5555"}, {"objectName"=>"AdministratorDO", "OID"=>"16", "telephone1"=>"1-781-789-9876", "email"=>"pnancy@yahoo.com", "adminId"=>"pnancy", "telephone2"=>"1-800-445-2588", "subscriber"=>"GreatBooks", "lastName"=>"Nancy", "password"=>"p6666"}, {"objectName"=>"AdministratorDO", "OID"=>"17", "telephone1"=>"1-781-678-8970", "email"=>"hmichel@yahoo.com", "adminId"=>"hmichel", "telephone2"=>"1-800-445-2588", "subscriber"=>"AxisChemicals", "lastName"=>"Michel", "password"=>"p7777"}, {"objectName"=>"AdministratorDO", "OID"=>"18", "telephone1"=>"1-786-897-8908", "email"=>"kdavid@yahoo.com", "adminId"=>"kdavid", "telephone2"=>"1-800-445-2588", "subscriber"=>"MediaShop", "lastName"=>"David", "password"=>"p8888"}, {"objectName"=>"AdministratorDO", "OID"=>"19", "telephone1"=>"1-508-789-6789", "email"=>"pvalnoor@yahoo.com", "adminId"=>"pvalnoor", "telephone2"=>"1-800-445-2588", "subscriber"=>"SmartShop", "lastName"=>"Valnoor", "password"=>"p9999"}, {"objectName"=>"AdministratorDO", "OID"=>"20", "telephone1"=>"1-617-789-8979", "email"=>"wsmith@yahoo.com", "adminId"=>"wsmith", "telephone2"=>"1-800-445-2588", "subscriber"=>"HomeNeeds", "lastName"=>"Smith", "password"=>"paaaa"}, {"objectName"=>"AdministratorDO", "OID"=>"21", "telephone1"=>"1-781-789-9876", "email"=>"gcaral@yahoo.com", "adminId"=>"gcaral", "telephone2"=>"1-800-445-2588", "subscriber"=>"MegaCorp", "lastName"=>"Caral", "password"=>"p6666"}, {"objectName"=>"AdministratorDO", "OID"=>"23", "telephone1"=>"1-786-897-8908", "email"=>"phillary@yahoo.com", "adminId"=>"phillary", "telephone2"=>"1-800-445-2588", "subscriber"=>"CornerStore", "lastName"=>"Hillary", "password"=>"p8888"}, {"objectName"=>"AdministratorDO", "OID"=>"24", "telephone1"=>"1-508-789-6789", "email"=>"bphilip@yahoo.com", "adminId"=>"bphilip", "telephone2"=>"1-800-445-2588", "subscriber"=>"Cyberdyne", "lastName"=>"Philip", "password"=>"p9999"}, {"objectName"=>"AdministratorDO", "OID"=>"25", "telephone1"=>"1-617-789-8979", "email"=>"sandrea@yahoo.com", "adminId"=>"sandrea", "telephone2"=>"1-800-445-2588", "subscriber"=>"StarSports", "lastName"=>"Andrea", "password"=>"paaaa"}, {"objectName"=>"AdministratorDO", "OID"=>"26", "telephone1"=>"null", "email"=>"null", "adminId"=>"s4", "telephone2"=>"null", "subscriber"=>"s4", "lastName"=>"null", "password"=>"s4"}, {"objectName"=>"AdministratorDO", "OID"=>"82", "telephone1"=>"", "email"=>"", "adminId"=>"admin", "telephone2"=>"", "subscriber"=>"BigBank", "lastName"=>"administrator", "password"=>"admin"}]]